<?xml version="1.0" encoding="utf-8"?><testsuites name="pytest tests"><testsuite name="pytest" errors="0" failures="0" skipped="0" tests="51" time="69.004" timestamp="2025-11-05T06:10:29.858063+00:00" hostname="SHOOTER-X"><testcase classname="tests.test_dashboard" name="test_vendor_dashboard_access" time="2.847" /><testcase classname="tests.test_dashboard" name="test_client_dashboard_access" time="1.520" /><testcase classname="tests.test_emails.TestEmailFunctions" name="test_send_registration_email_success" time="0.812" /><testcase classname="tests.test_emails.TestEmailFunctions" name="test_send_registration_email_failure" time="0.722" /><testcase classname="tests.test_emails.TestEmailFunctions" name="test_send_order_confirmation_email_success" time="1.480" /><testcase classname="tests.test_emails.TestEmailFunctions" name="test_send_order_confirmation_email_failure" time="1.463" /><testcase classname="tests.test_emails.TestEmailFunctions" name="test_send_vendor_approval_email_success" time="0.741" /><testcase classname="tests.test_emails.TestEmailFunctions" name="test_send_test_email" time="0.004" /><testcase classname="tests.test_forms.TestCustomUserCreationForm" name="test_form_valid_with_client" time="0.104" /><testcase classname="tests.test_forms.TestCustomUserCreationForm" name="test_form_valid_with_vendor" time="0.012" /><testcase classname="tests.test_forms.TestCustomUserCreationForm" name="test_form_invalid_password_mismatch" time="0.010" /><testcase classname="tests.test_forms.TestCustomUserCreationForm" name="test_form_invalid_email" time="0.006" /><testcase classname="tests.test_forms.TestCustomUserCreationForm" name="test_form_save_creates_user" time="0.803" /><testcase classname="tests.test_forms.TestProductForm" name="test_form_valid" time="0.958" /><testcase classname="tests.test_forms.TestProductForm" name="test_form_invalid_missing_fields" time="0.006" /><testcase classname="tests.test_forms.TestProductForm" name="test_form_invalid_price_negative" time="0.005" /><testcase classname="tests.test_forms.TestOrderForm" name="test_form_valid" time="0.004" /><testcase classname="tests.test_forms.TestOrderForm" name="test_form_invalid_missing_address" time="0.008" /><testcase classname="tests.test_forms.TestCustomAuthenticationForm" name="test_form_fields_exist" time="0.005" /><testcase classname="tests.test_integration.TestCompleteOrderFlow" name="test_complete_purchase_flow" time="2.475" /><testcase classname="tests.test_integration.TestVendorProductManagement" name="test_vendor_adds_and_views_products" time="1.583" /><testcase classname="tests.test_integration.TestUserRegistrationFlow" name="test_client_registration_flow" time="2.194" /><testcase classname="tests.test_integration.TestUserRegistrationFlow" name="test_vendor_registration_flow" time="2.202" /><testcase classname="tests.test_integration.TestCartOperations" name="test_cart_add_update_remove" time="2.342" /><testcase classname="tests.test_integration.TestDashboardIntegration" name="test_client_dashboard_shows_orders" time="2.305" /><testcase classname="tests.test_integration.TestDashboardIntegration" name="test_vendor_dashboard_shows_stats" time="1.609" /><testcase classname="tests.test_models" name="test_custom_user_str" time="0.773" /><testcase classname="tests.test_models" name="test_category_str" time="0.004" /><testcase classname="tests.test_models" name="test_product_str" time="0.774" /><testcase classname="tests.test_models" name="test_cart_totals" time="1.447" /><testcase classname="tests.test_models" name="test_cartitem_total_price" time="1.497" /><testcase classname="tests.test_models" name="test_order_item_total" time="1.502" /><testcase classname="tests.test_notifications" name="test_notifications_marked_read" time="1.448" /><testcase classname="tests.test_order_models_and_views" name="test_order_str_and_items" time="1.540" /><testcase classname="tests.test_security.TestAuthentication" name="test_login_requires_credentials" time="1.540" /><testcase classname="tests.test_security.TestAuthentication" name="test_login_success" time="2.306" /><testcase classname="tests.test_security.TestAuthentication" name="test_logout_clears_session" time="1.473" /><testcase classname="tests.test_security.TestAuthorization" name="test_vendor_products_requires_vendor" time="1.646" /><testcase classname="tests.test_security.TestAuthorization" name="test_vendor_products_requires_approval" time="2.345" /><testcase classname="tests.test_security.TestAuthorization" name="test_add_product_requires_approved_vendor" time="3.393" /><testcase classname="tests.test_security.TestAuthorization" name="test_client_cannot_access_vendor_pages" time="1.773" /><testcase classname="tests.test_security.TestAuthorization" name="test_unauthenticated_user_redirected" time="0.025" /><testcase classname="tests.test_security.TestAuthorization" name="test_order_detail_user_isolation" time="3.245" /><testcase classname="tests.test_security.TestVendorApproval" name="test_unapproved_vendor_cannot_login" time="2.284" /><testcase classname="tests.test_security.TestVendorApproval" name="test_approved_vendor_can_login" time="2.370" /><testcase classname="tests.test_views" name="test_accueil_view" time="0.859" /><testcase classname="tests.test_views" name="test_product_list_requires_login" time="0.005" /><testcase classname="tests.test_views" name="test_product_detail_view" time="2.485" /><testcase classname="tests.test_views" name="test_add_to_cart_flow" time="2.585" /><testcase classname="tests.test_views" name="test_update_cart_item_delete_when_zero" time="2.479" /><testcase classname="tests.test_views" name="test_checkout_creates_order" time="2.264" /></testsuite></testsuites>